// Jest Snapshot v1, https://goo.gl/fbAQLP

exports[`<Root /> Should render correctly 1`] = `
<Provider
  store={
    Object {
      "dispatch": [Function],
      "getState": [Function],
      "replaceReducer": [Function],
      "subscribe": [Function],
      Symbol(observable): [Function],
    }
  }
>
  <Favicon
    alertCount={null}
    animated={true}
    animationDelay={500}
    keepIconLink={[Function]}
    url={Object {}}
  />
  <Routes />
</Provider>
`;
